// Jest Snapshot v1, https://goo.gl/fbAQLP

exports[`PosterEditor renders properly 1`] = `ReactWrapper {}`;
